Archive member included to satisfy reference by file (symbol)

d:/devkitPro/libgba/lib\libgba.a(console.o)
                              emptyexample.o (consoleDemoInit)
d:/devkitPro/libgba/lib\libgba.a(input.o)
                              emptyexample.o (scanKeys)
d:/devkitPro/libgba/lib\libgba.a(interrupt.o)
                              emptyexample.o (irqInit)
d:/devkitPro/libgba/lib\libgba.a(InterruptDispatcher.o)
                              d:/devkitPro/libgba/lib\libgba.a(interrupt.o) (IntrMain)
d:/devkitPro/libgba/lib\libgba.a(amiga.fnt.o)
                              d:/devkitPro/libgba/lib\libgba.a(console.o) (amiga_fnt_size)
d:/devkitPro/libgba/lib\libgba.a(CpuSet.o)
                              d:/devkitPro/libgba/lib\libgba.a(console.o) (CpuFastSet)
d:/devkitpro/devkitarm/bin/../lib/gcc/arm-none-eabi/5.3.0/../../../../arm-none-eabi/lib/thumb\libg.a(lib_a-impure.o)
                              d:/devkitPro/libgba/lib\libgba.a(console.o) (_impure_ptr)
d:/devkitpro/devkitarm/bin/../lib/gcc/arm-none-eabi/5.3.0/../../../../arm-none-eabi/lib/thumb\libg.a(lib_a-init.o)
                              d:/devkitpro/devkitarm/bin/../lib/gcc/arm-none-eabi/5.3.0/../../../../arm-none-eabi/lib/thumb/gba_crt0.o (__libc_init_array)
d:/devkitpro/devkitarm/bin/../lib/gcc/arm-none-eabi/5.3.0/../../../../arm-none-eabi/lib/thumb\libg.a(lib_a-setvbuf.o)
                              d:/devkitPro/libgba/lib\libgba.a(console.o) (setvbuf)
d:/devkitpro/devkitarm/bin/../lib/gcc/arm-none-eabi/5.3.0/../../../../arm-none-eabi/lib/thumb\libg.a(lib_a-siscanf.o)
                              d:/devkitPro/libgba/lib\libgba.a(console.o) (siscanf)
d:/devkitpro/devkitarm/bin/../lib/gcc/arm-none-eabi/5.3.0/../../../../arm-none-eabi/lib/thumb\libg.a(lib_a-stdio.o)
                              d:/devkitpro/devkitarm/bin/../lib/gcc/arm-none-eabi/5.3.0/../../../../arm-none-eabi/lib/thumb\libg.a(lib_a-siscanf.o) (__seofread)
d:/devkitpro/devkitarm/bin/../lib/gcc/arm-none-eabi/5.3.0/../../../../arm-none-eabi/lib/thumb\libg.a(lib_a-strlen.o)
                              d:/devkitpro/devkitarm/bin/../lib/gcc/arm-none-eabi/5.3.0/../../../../arm-none-eabi/lib/thumb\libg.a(lib_a-siscanf.o) (strlen)
d:/devkitpro/devkitarm/bin/../lib/gcc/arm-none-eabi/5.3.0/../../../../arm-none-eabi/lib/thumb\libg.a(lib_a-svfiscanf.o)
                              d:/devkitpro/devkitarm/bin/../lib/gcc/arm-none-eabi/5.3.0/../../../../arm-none-eabi/lib/thumb\libg.a(lib_a-siscanf.o) (__ssvfiscanf_r)
d:/devkitpro/devkitarm/bin/../lib/gcc/arm-none-eabi/5.3.0/../../../../arm-none-eabi/lib/thumb\libg.a(lib_a-ungetc.o)
                              d:/devkitpro/devkitarm/bin/../lib/gcc/arm-none-eabi/5.3.0/../../../../arm-none-eabi/lib/thumb\libg.a(lib_a-svfiscanf.o) (__submore)
d:/devkitpro/devkitarm/bin/../lib/gcc/arm-none-eabi/5.3.0/../../../../arm-none-eabi/lib/thumb\libg.a(lib_a-ctype_.o)
                              d:/devkitpro/devkitarm/bin/../lib/gcc/arm-none-eabi/5.3.0/../../../../arm-none-eabi/lib/thumb\libg.a(lib_a-svfiscanf.o) (__ctype_ptr__)
d:/devkitpro/devkitarm/bin/../lib/gcc/arm-none-eabi/5.3.0/../../../../arm-none-eabi/lib/thumb\libg.a(lib_a-fflush.o)
                              d:/devkitpro/devkitarm/bin/../lib/gcc/arm-none-eabi/5.3.0/../../../../arm-none-eabi/lib/thumb\libg.a(lib_a-setvbuf.o) (_fflush_r)
d:/devkitpro/devkitarm/bin/../lib/gcc/arm-none-eabi/5.3.0/../../../../arm-none-eabi/lib/thumb\libg.a(lib_a-findfp.o)
                              d:/devkitpro/devkitarm/bin/../lib/gcc/arm-none-eabi/5.3.0/../../../../arm-none-eabi/lib/thumb\libg.a(lib_a-setvbuf.o) (_cleanup_r)
d:/devkitpro/devkitarm/bin/../lib/gcc/arm-none-eabi/5.3.0/../../../../arm-none-eabi/lib/thumb\libg.a(lib_a-freer.o)
                              d:/devkitpro/devkitarm/bin/../lib/gcc/arm-none-eabi/5.3.0/../../../../arm-none-eabi/lib/thumb\libg.a(lib_a-setvbuf.o) (_free_r)
d:/devkitpro/devkitarm/bin/../lib/gcc/arm-none-eabi/5.3.0/../../../../arm-none-eabi/lib/thumb\libg.a(lib_a-fwalk.o)
                              d:/devkitpro/devkitarm/bin/../lib/gcc/arm-none-eabi/5.3.0/../../../../arm-none-eabi/lib/thumb\libg.a(lib_a-findfp.o) (_fwalk)
d:/devkitpro/devkitarm/bin/../lib/gcc/arm-none-eabi/5.3.0/../../../../arm-none-eabi/lib/thumb\libg.a(lib_a-iswspace.o)
                              d:/devkitpro/devkitarm/bin/../lib/gcc/arm-none-eabi/5.3.0/../../../../arm-none-eabi/lib/thumb\libg.a(lib_a-svfiscanf.o) (iswspace)
d:/devkitpro/devkitarm/bin/../lib/gcc/arm-none-eabi/5.3.0/../../../../arm-none-eabi/lib/thumb\libg.a(lib_a-jp2uc.o)
                              d:/devkitpro/devkitarm/bin/../lib/gcc/arm-none-eabi/5.3.0/../../../../arm-none-eabi/lib/thumb\libg.a(lib_a-iswspace.o) (_jp2uc)
d:/devkitpro/devkitarm/bin/../lib/gcc/arm-none-eabi/5.3.0/../../../../arm-none-eabi/lib/thumb\libg.a(lib_a-locale.o)
                              d:/devkitpro/devkitarm/bin/../lib/gcc/arm-none-eabi/5.3.0/../../../../arm-none-eabi/lib/thumb\libg.a(lib_a-svfiscanf.o) (__locale_charset)
[...]
Memory Configuration

Name             Origin             Length             Attributes
rom              0x08000000         0x02000000
iwram            0x03000000         0x00008000
ewram            0x02000000         0x00040000
*default*        0x00000000         0xffffffff

Linker script and memory map

                0x08000000                __text_start = ORIGIN (rom)
                0x02040000                __eheap_end = (ORIGIN (ewram) + 0x40000)
                0x03000000                __iwram_start = ORIGIN (iwram)
                0x03008000                __iwram_top = (ORIGIN (iwram) + 0x8000)
                0x03007fa0                __sp_irq = (__iwram_top - 0x60)
                0x03007f00                __sp_usr = (__sp_irq - 0xa0)
                0x03007ff8                __irq_flags = 0x3007ff8
                0x08000000                . = __text_start

.init           0x08000000      0x21c
 *(.init)
 .init          0x08000000      0x210 d:/devkitpro/devkitarm/bin/../lib/gcc/arm-none-eabi/5.3.0/../../../../arm-none-eabi/lib/thumb/gba_crt0.o
                0x08000000                _start
                0x080000c4                __boot_method
                0x080000c5                __slave_number
                0x080000e0                start_vector
 .init          0x08000210        0x4 d:/devkitpro/devkitarm/bin/../lib/gcc/arm-none-eabi/5.3.0/thumb/crti.o
                0x08000210                _init
 .init          0x08000214        0x8 d:/devkitpro/devkitarm/bin/../lib/gcc/arm-none-eabi/5.3.0/thumb/crtn.o
                0x0800021c                . = ALIGN (0x4)

.plt            0x0800021c        0x0
 *(.plt)
                0x0800021c                . = ALIGN (0x4)

.text           0x08000220     0x56b8
 *(EXCLUDE_FILE(*.iwram*) .text)
 .text          0x08000220       0xd4 d:/devkitpro/devkitarm/bin/../lib/gcc/arm-none-eabi/5.3.0/thumb/crtbegin.o
 .text          0x080002f4      0x4c0 emptyexample.o
                0x080002f4                PlotPixel
                0x0800030c                menu
                0x080003ac                game
 .text          0x080007b4      0x628 d:/devkitPro/libgba/lib\libgba.a(console.o)
                0x080007b4                con_read
                0x080007bc                con_close
                0x080007c4                con_open
                0x080007e0                upcvt_4bit
                0x08000840                consoleCls
                0x08000870                consoleInit
                0x08000988                consolePrintChar
                0x08000a70                consoleDemoInit
                0x08000b8c                con_write
 .text          0x08000ddc      0x140 d:/devkitPro/libgba/lib\libgba.a(input.o)
                0x08000ddc                setRepeat
                0x08000df0                scanKeys
                0x08000ec4                keysDownRepeat
                0x08000edc                keysDown
                0x08000ef4                keysUp
                0x08000f0c                keysHeld
 .text          0x08000f1c      0x2b8 d:/devkitPro/libgba/lib\libgba.a(interrupt.o)
                0x08000f1c                dummy
                0x08000f20                InitInterrupt
                0x08000f7c                irqInit
                0x08000fd8                SetInterrupt
                0x0800101c                irqSet
                0x08001060                irqEnable
                0x080010c0                irqDisable
                0x0800111c                EnableInterrupt
                0x08001178                DisableInterrupt
 .text          0x080011d4        0x8 d:/devkitPro/libgba/lib\libgba.a(CpuSet.o)
                0x080011d4                CpuSet
                0x080011d8                CpuFastSet
 .text          0x080011dc      0x224 d:/devkitpro/devkitarm/bin/../lib/gcc/arm-none-eabi/5.3.0/../../../../arm-none-eabi/lib/thumb\libg.a(lib_a-strcmp.o)
                0x080011dc                strcmp
 .text          0x08001400      0x160 d:/devkitpro/devkitarm/bin/../lib/gcc/arm-none-eabi/5.3.0/../../../../arm-none-eabi/lib/thumb\libsysbase.a(iosupport.o)
                0x08001404                setDefaultDevice
                0x08001414                FindDevice
                0x080014a0                RemoveDevice
                0x080014c4                AddDevice
                0x08001540                GetDeviceOpTab
 .text          0x08001560       0x54 d:/devkitpro/devkitarm/bin/../lib/gcc/arm-none-eabi/5.3.0/../../../../arm-none-eabi/lib/thumb\libsysbase.a(close.o)
                0x08001560                _close_r
 .text          0x080015b4       0x48 d:/devkitpro/devkitarm/bin/../lib/gcc/arm-none-eabi/5.3.0/../../../../arm-none-eabi/lib/thumb\libsysbase.a(lseek.o)
                0x080015b4                _lseek_r
 .text          0x080015fc       0x48 d:/devkitpro/devkitarm/bin/../lib/gcc/arm-none-eabi/5.3.0/../../../../arm-none-eabi/lib/thumb\libsysbase.a(read.o)
                0x080015fc                _read_r
 .text          0x08001644       0x54 d:/devkitpro/devkitarm/bin/../lib/gcc/arm-none-eabi/5.3.0/../../../../arm-none-eabi/lib/thumb\libsysbase.a(sbrk.o)
                0x08001644                _sbrk_r
 .text          0x08001698       0x48 d:/devkitpro/devkitarm/bin/../lib/gcc/arm-none-eabi/5.3.0/../../../../arm-none-eabi/lib/thumb\libsysbase.a(write.o)
                0x08001698                _write_r
 .text          0x080016e0       0x20 d:/devkitpro/devkitarm/bin/../lib/gcc/arm-none-eabi/5.3.0/../../../../arm-none-eabi/lib/thumb\libsysbase.a(flock.o)
                0x080016e0                __flockfile
                0x080016f0                __funlockfile
 .text          0x08001700      0x104 d:/devkitpro/devkitarm/bin/../lib/gcc/arm-none-eabi/5.3.0/../../../../arm-none-eabi/lib/thumb\libsysbase.a(syscall_support.o)
                0x08001700                __libc_lock_init
                0x08001718                __libc_lock_acquire
                0x08001730                __libc_lock_try_acquire
                0x08001750                __libc_lock_release
                0x08001768                __libc_lock_close
                0x08001780                __libc_lock_init_recursive
                0x08001798                __libc_lock_acquire_recursive
                0x080017b0                __libc_lock_try_acquire_recursive
                0x080017d0                __libc_lock_release_recursive
                0x080017e8                __libc_lock_close_recursive
 .text          0x08001804      0x204 d:/devkitpro/devkitarm/bin/../lib/gcc/arm-none-eabi/5.3.0/../../../../arm-none-eabi/lib/thumb\libsysbase.a(handle_manager.o)
                0x08001804                __free_handle
                0x0800183c                __release_handle
                0x08001874                __alloc_handle
                0x080018cc                __get_handle
                0x080018e8                dup
                0x0800195c                dup2
 .text          0x08001a08       0x28 d:/devkitpro/devkitarm/bin/../lib/gcc/arm-none-eabi/5.3.0/../../../../arm-none-eabi/lib/thumb\libsysbase.a(getreent.o)
                0x08001a08                __getreent
 .text          0x08001a30      0x11c d:/devkitpro/devkitarm/bin/../lib/gcc/arm-none-eabi/5.3.0/thumb\libgcc.a(_udivsi3.o)
                0x08001a30                __aeabi_uidiv
                0x08001a30                __udivsi3
                0x08001b2c                __aeabi_uidivmod
 .text          0x08001b4c        0x4 d:/devkitpro/devkitarm/bin/../lib/gcc/arm-none-eabi/5.3.0/thumb\libgcc.a(_dvmd_tls.o)
                0x08001b4c                __aeabi_idiv0
                0x08001b4c                __aeabi_ldiv0
 .text          0x08001b50       0x3c d:/devkitpro/devkitarm/bin/../lib/gcc/arm-none-eabi/5.3.0/thumb\libgcc.a(_aeabi_uldivmod.o)
                0x08001b50                __aeabi_uldivmod
 .text          0x08001b8c       0x60 d:/devkitpro/devkitarm/bin/../lib/gcc/arm-none-eabi/5.3.0/thumb\libgcc.a(_muldi3.o)
                0x08001b8c                __muldi3
                0x08001b8c                __aeabi_lmul
 .text          0x08001bec      0x184 d:/devkitpro/devkitarm/bin/../lib/gcc/arm-none-eabi/5.3.0/thumb\libgcc.a(_udivmoddi4.o)
                0x08001bec                __udivmoddi4
 .text          0x08001d70       0x28 d:/devkitpro/devkitarm/bin/../lib/gcc/arm-none-eabi/5.3.0/thumb\libgcc.a(_clzdi2.o)
                0x08001d70                __clzdi2
 .text          0x08001d98       0x48 d:/devkitpro/devkitarm/bin/../lib/gcc/arm-none-eabi/5.3.0/thumb\libgcc.a(_clzsi2.o)
                0x08001d98                __clzsi2
 *(.text .stub .text.* .gnu.linkonce.t.*)
 .text.startup  0x08001de0      0x134 emptyexample.o
                0x08001de0                main
 .text.__libc_init_array
                0x08001f14       0x58 d:/devkitpro/devkitarm/bin/../lib/gcc/arm-none-eabi/5.3.0/../../../../arm-none-eabi/lib/thumb\libg.a(lib_a-init.o)
                0x08001f14                __libc_init_array
 .text.setvbuf  0x08001f6c      0x148 d:/devkitpro/devkitarm/bin/../lib/gcc/arm-none-eabi/5.3.0/../../../../arm-none-eabi/lib/thumb\libg.a(lib_a-setvbuf.o)
                0x08001f6c                setvbuf
 .text.siscanf  0x080020b4       0x4c d:/devkitpro/devkitarm/bin/../lib/gcc/arm-none-eabi/5.3.0/../../../../arm-none-eabi/lib/thumb\libg.a(lib_a-siscanf.o)
                0x080020b4                siscanf
 .text.__sread  0x08002100       0x2c d:/devkitpro/devkitarm/bin/../lib/gcc/arm-none-eabi/5.3.0/../../../../arm-none-eabi/lib/thumb\libg.a(lib_a-stdio.o)
                0x08002100                __sread
 .text.__seofread
                0x0800212c        0x4 d:/devkitpro/devkitarm/bin/../lib/gcc/arm-none-eabi/5.3.0/../../../../arm-none-eabi/lib/thumb\libg.a(lib_a-stdio.o)
                0x0800212c                __seofread
 .text.__swrite
                0x08002130       0x3c d:/devkitpro/devkitarm/bin/../lib/gcc/arm-none-eabi/5.3.0/../../../../arm-none-eabi/lib/thumb\libg.a(lib_a-stdio.o)
                0x08002130                __swrite
 .text.__sseek  0x0800216c       0x30 d:/devkitpro/devkitarm/bin/../lib/gcc/arm-none-eabi/5.3.0/../../../../arm-none-eabi/lib/thumb\libg.a(lib_a-stdio.o)
                0x0800216c                __sseek
 .text.__sclose
                0x0800219c       0x10 d:/devkitpro/devkitarm/bin/../lib/gcc/arm-none-eabi/5.3.0/../../../../arm-none-eabi/lib/thumb\libg.a(lib_a-stdio.o)
                0x0800219c                __sclose
 .text.strlen   0x080021ac       0x6c d:/devkitpro/devkitarm/bin/../lib/gcc/arm-none-eabi/5.3.0/../../../../arm-none-eabi/lib/thumb\libg.a(lib_a-strlen.o)
                0x080021ac                strlen
 .text._sungetc_r
                0x08002218       0x8c d:/devkitpro/devkitarm/bin/../lib/gcc/arm-none-eabi/5.3.0/../../../../arm-none-eabi/lib/thumb\libg.a(lib_a-svfiscanf.o)
                0x08002218                _sungetc_r
 .text.__ssrefill_r
                0x080022a4       0x44 d:/devkitpro/devkitarm/bin/../lib/gcc/arm-none-eabi/5.3.0/../../../../arm-none-eabi/lib/thumb\libg.a(lib_a-svfiscanf.o)
                0x080022a4                __ssrefill_r
 .text._sfread_r
                0x080022e8       0x90 d:/devkitpro/devkitarm/bin/../lib/gcc/arm-none-eabi/5.3.0/../../../../arm-none-eabi/lib/thumb\libg.a(lib_a-svfiscanf.o)
                0x080022e8                _sfread_r
 .text.__ssvfiscanf_r
                0x08002378     0x1498 d:/devkitpro/devkitarm/bin/../lib/gcc/arm-none-eabi/5.3.0/../../../../arm-none-eabi/lib/thumb\libg.a(lib_a-svfiscanf.o)
                0x08002378                __ssvfiscanf_r
 .text.__submore
                0x08003810       0x88 d:/devkitpro/devkitarm/bin/../lib/gcc/arm-none-eabi/5.3.0/../../../../arm-none-eabi/lib/thumb\libg.a(lib_a-ungetc.o)
                0x08003810                __submore
 .text.__sflush_r
                0x08003898      0x158 d:/devkitpro/devkitarm/bin/../lib/gcc/arm-none-eabi/5.3.0/../../../../arm-none-eabi/lib/thumb\libg.a(lib_a-fflush.o)
                0x08003898                __sflush_r
 .text._fflush_r
                0x080039f0       0x58 d:/devkitpro/devkitarm/bin/../lib/gcc/arm-none-eabi/5.3.0/../../../../arm-none-eabi/lib/thumb\libg.a(lib_a-fflush.o)
                0x080039f0                _fflush_r
 .text._cleanup_r
                0x08003a48       0x14 d:/devkitpro/devkitarm/bin/../lib/gcc/arm-none-eabi/5.3.0/../../../../arm-none-eabi/lib/thumb\libg.a(lib_a-findfp.o)
                0x08003a48                _cleanup_r
 .text.std.isra.0
                0x08003a5c       0x54 d:/devkitpro/devkitarm/bin/../lib/gcc/arm-none-eabi/5.3.0/../../../../arm-none-eabi/lib/thumb\libg.a(lib_a-findfp.o)
 .text.__sinit  0x08003ab0       0x64 d:/devkitpro/devkitarm/bin/../lib/gcc/arm-none-eabi/5.3.0/../../../../arm-none-eabi/lib/thumb\libg.a(lib_a-findfp.o)
                0x08003ab0                __sinit
 .text.__sfp_lock_acquire
                0x08003b14       0x14 d:/devkitpro/devkitarm/bin/../lib/gcc/arm-none-eabi/5.3.0/../../../../arm-none-eabi/lib/thumb\libg.a(lib_a-findfp.o)
                0x08003b14                __sfp_lock_acquire
 .text.__sfp_lock_release
                0x08003b28       0x14 d:/devkitpro/devkitarm/bin/../lib/gcc/arm-none-eabi/5.3.0/../../../../arm-none-eabi/lib/thumb\libg.a(lib_a-findfp.o)
                0x08003b28                __sfp_lock_release
 .text._malloc_trim_r
                0x08003b3c       0xa4 d:/devkitpro/devkitarm/bin/../lib/gcc/arm-none-eabi/5.3.0/../../../../arm-none-eabi/lib/thumb\libg.a(lib_a-freer.o)
                0x08003b3c                _malloc_trim_r
 .text._free_r  0x08003be0      0x1c8 d:/devkitpro/devkitarm/bin/../lib/gcc/arm-none-eabi/5.3.0/../../../../arm-none-eabi/lib/thumb\libg.a(lib_a-freer.o)
                0x08003be0                _free_r
 .text._fwalk_reent
                0x08003da8       0x54 d:/devkitpro/devkitarm/bin/../lib/gcc/arm-none-eabi/5.3.0/../../../../arm-none-eabi/lib/thumb\libg.a(lib_a-fwalk.o)
                0x08003da8                _fwalk_reent
 .text.iswspace
                0x08003dfc       0x78 d:/devkitpro/devkitarm/bin/../lib/gcc/arm-none-eabi/5.3.0/../../../../arm-none-eabi/lib/thumb\libg.a(lib_a-iswspace.o)
                0x08003dfc                iswspace
 .text.__jp2uc  0x08003e74      0x188 d:/devkitpro/devkitarm/bin/../lib/gcc/arm-none-eabi/5.3.0/../../../../arm-none-eabi/lib/thumb\libg.a(lib_a-jp2uc.o)
 .text._jp2uc   0x08003ffc       0x64 d:/devkitpro/devkitarm/bin/../lib/gcc/arm-none-eabi/5.3.0/../../../../arm-none-eabi/lib/thumb\libg.a(lib_a-jp2uc.o)
                0x08003ffc                _jp2uc
 .text.__locale_charset
                0x08004060        0x8 d:/devkitpro/devkitarm/bin/../lib/gcc/arm-none-eabi/5.3.0/../../../../arm-none-eabi/lib/thumb\libg.a(lib_a-locale.o)
                0x08004060                __locale_charset
 .text.__locale_mb_cur_max
                0x08004068        0xc d:/devkitpro/devkitarm/bin/../lib/gcc/arm-none-eabi/5.3.0/../../../../arm-none-eabi/lib/thumb\libg.a(lib_a-locale.o)
                0x08004068                __locale_mb_cur_max
 .text.malloc   0x08004074       0x14 d:/devkitpro/devkitarm/bin/../lib/gcc/arm-none-eabi/5.3.0/../../../../arm-none-eabi/lib/thumb\libg.a(lib_a-malloc.o)
                0x08004074                malloc
 .text.free     0x08004088       0x14 d:/devkitpro/devkitarm/bin/../lib/gcc/arm-none-eabi/5.3.0/../../../../arm-none-eabi/lib/thumb\libg.a(lib_a-malloc.o)
                0x08004088                free
 .text._malloc_r
                0x0800409c      0x564 d:/devkitpro/devkitarm/bin/../lib/gcc/arm-none-eabi/5.3.0/../../../../arm-none-eabi/lib/thumb\libg.a(lib_a-mallocr.o)
                0x0800409c                _malloc_r
 .text._mbrtowc_r
                0x08004600       0x7c d:/devkitpro/devkitarm/bin/../lib/gcc/arm-none-eabi/5.3.0/../../../../arm-none-eabi/lib/thumb\libg.a(lib_a-mbrtowc.o)
                0x08004600                _mbrtowc_r
 .text.__utf8_mbtowc
                0x0800467c      0x2cc d:/devkitpro/devkitarm/bin/../lib/gcc/arm-none-eabi/5.3.0/../../../../arm-none-eabi/lib/thumb\libg.a(lib_a-mbtowc_r.o)
                0x0800467c                __utf8_mbtowc
 .text.memcpy   0x08004948       0x80 d:/devkitpro/devkitarm/bin/../lib/gcc/arm-none-eabi/5.3.0/../../../../arm-none-eabi/lib/thumb\libg.a(lib_a-memcpy.o)
                0x08004948                memcpy
 .text.memset   0x080049c8       0x94 d:/devkitpro/devkitarm/bin/../lib/gcc/arm-none-eabi/5.3.0/../../../../arm-none-eabi/lib/thumb\libg.a(lib_a-memset.o)
                0x080049c8                memset
 .text.__malloc_lock
                0x08004a5c       0x14 d:/devkitpro/devkitarm/bin/../lib/gcc/arm-none-eabi/5.3.0/../../../../arm-none-eabi/lib/thumb\libg.a(lib_a-mlock.o)
                0x08004a5c                __malloc_lock
 .text.__malloc_unlock
                0x08004a70       0x14 d:/devkitpro/devkitarm/bin/../lib/gcc/arm-none-eabi/5.3.0/../../../../arm-none-eabi/lib/thumb\libg.a(lib_a-mlock.o)
                0x08004a70                __malloc_unlock
 .text._realloc_r
                0x08004a84      0x3ec d:/devkitpro/devkitarm/bin/../lib/gcc/arm-none-eabi/5.3.0/../../../../arm-none-eabi/lib/thumb\libg.a(lib_a-reallocr.o)
                0x08004a84                _realloc_r
 .text.__sccl   0x08004e70       0x7c d:/devkitpro/devkitarm/bin/../lib/gcc/arm-none-eabi/5.3.0/../../../../arm-none-eabi/lib/thumb\libg.a(lib_a-sccl.o)
                0x08004e70                __sccl
 .text.strchr   0x08004eec       0xdc d:/devkitpro/devkitarm/bin/../lib/gcc/arm-none-eabi/5.3.0/../../../../arm-none-eabi/lib/thumb\libg.a(lib_a-strchr.o)
                0x08004eec                strchr
 .text.strncmp  0x08004fc8       0x94 d:/devkitpro/devkitarm/bin/../lib/gcc/arm-none-eabi/5.3.0/../../../../arm-none-eabi/lib/thumb\libg.a(lib_a-strncmp.o)
                0x08004fc8                strncmp
 .text._strtoll_r
                0x0800505c      0x1e8 d:/devkitpro/devkitarm/bin/../lib/gcc/arm-none-eabi/5.3.0/../../../../arm-none-eabi/lib/thumb\libg.a(lib_a-strtoll_r.o)
                0x0800505c                _strtoll_r
 .text._strtol_r
                0x08005244      0x178 d:/devkitpro/devkitarm/bin/../lib/gcc/arm-none-eabi/5.3.0/../../../../arm-none-eabi/lib/thumb\libg.a(lib_a-strtol.o)
                0x08005244                _strtol_r
 .text._strtoull_r
                0x080053bc      0x1ec d:/devkitpro/devkitarm/bin/../lib/gcc/arm-none-eabi/5.3.0/../../../../arm-none-eabi/lib/thumb\libg.a(lib_a-strtoull_r.o)
                0x080053bc                _strtoull_r
 .text._strtoul_r
                0x080055a8      0x17c d:/devkitpro/devkitarm/bin/../lib/gcc/arm-none-eabi/5.3.0/../../../../arm-none-eabi/lib/thumb\libg.a(lib_a-strtoul.o)
                0x080055a8                _strtoul_r
 .text._fclose_r
                0x08005724       0xb4 d:/devkitpro/devkitarm/bin/../lib/gcc/arm-none-eabi/5.3.0/../../../../arm-none-eabi/lib/thumb\libg.a(lib_a-fclose.o)
                0x08005724                _fclose_r
 .text.memmove  0x080057d8       0x9c d:/devkitpro/devkitarm/bin/../lib/gcc/arm-none-eabi/5.3.0/../../../../arm-none-eabi/lib/thumb\libg.a(lib_a-memmove.o)
                0x080057d8                memmove
 .text.__errno  0x08005874        0xc d:/devkitpro/devkitarm/bin/../lib/gcc/arm-none-eabi/5.3.0/../../../../arm-none-eabi/lib/thumb\libg.a(lib_a-errno.o)
                0x08005874                __errno
 .text.__errno.__stub
                0x08005880       0x4c linker stubs
 *(.text.*personality*)
 *(.gnu.warning)
 *(.glue_7t)
 .glue_7t       0x080058d8        0x0 linker stubs
 *(.glue_7)
 .glue_7        0x080058d8        0x0 linker stubs
 *(.vfp11_veneer)
 .vfp11_veneer  0x080058d8        0x0 linker stubs
                0x080058d8                . = ALIGN (0x4)
                0x080058d8                __text_end = .

.v4_bx          0x080058d8        0x0
 .v4_bx         0x080058d8        0x0 linker stubs

.iplt           0x080058d8        0x0
 .iplt          0x080058d8        0x0 d:/devkitpro/devkitarm/bin/../lib/gcc/arm-none-eabi/5.3.0/../../../../arm-none-eabi/lib/thumb/gba_crt0.o

.fini           0x080058d8        0xc
 *(.fini)
 .fini          0x080058d8        0x4 d:/devkitpro/devkitarm/bin/../lib/gcc/arm-none-eabi/5.3.0/thumb/crti.o
                0x080058d8                _fini
 .fini          0x080058dc        0x8 d:/devkitpro/devkitarm/bin/../lib/gcc/arm-none-eabi/5.3.0/thumb/crtn.o
                0x080058e4                . = ALIGN (0x4)

.rodata         0x080058e4     0xdb80
 *(.rodata)
 .rodata        0x080058e4     0x9800 emptyexample.o
                0x080058e4                menuPal
                0x08005ae4                menuBitmap
 .rodata        0x0800f0e4      0x18c d:/devkitPro/libgba/lib\libgba.a(console.o)
                0x0800f1b8                dotab_stdout
                0x0800f214                dotab_stderr
 .rodata        0x0800f270      0x804 d:/devkitPro/libgba/lib\libgba.a(amiga.fnt.o)
                0x0800f270                amiga_fnt
                0x0800fa70                amiga_fnt_size
                0x0800fa70                amiga_fnt_end
 .rodata        0x0800fa74       0x68 d:/devkitpro/devkitarm/bin/../lib/gcc/arm-none-eabi/5.3.0/../../../../arm-none-eabi/lib/thumb\libsysbase.a(iosupport.o)
                0x0800fa74                dotab_stdnull
 *all.rodata*(*)
 *(.roda)
 *(.rodata.*)
 .rodata.str1.4
                0x0800fadc       0x2c d:/devkitPro/libgba/lib\libgba.a(console.o)
 .rodata.str1.4
                0x0800fb08        0x2 d:/devkitpro/devkitarm/bin/../lib/gcc/arm-none-eabi/5.3.0/../../../../arm-none-eabi/lib/thumb\libg.a(lib_a-impure.o)
                                  0x4 (size before relaxing)
 *fill*         0x0800fb0a        0x2 ff
 .rodata.__ssvfiscanf_r
                0x0800fb0c      0x324 d:/devkitpro/devkitarm/bin/../lib/gcc/arm-none-eabi/5.3.0/../../../../arm-none-eabi/lib/thumb\libg.a(lib_a-svfiscanf.o)
 .rodata.basefix.6493
                0x0800fe30       0x24 d:/devkitpro/devkitarm/bin/../lib/gcc/arm-none-eabi/5.3.0/../../../../arm-none-eabi/lib/thumb\libg.a(lib_a-svfiscanf.o)
 .rodata._ctype_
                0x0800fe54      0x104 d:/devkitpro/devkitarm/bin/../lib/gcc/arm-none-eabi/5.3.0/../../../../arm-none-eabi/lib/thumb\libg.a(lib_a-ctype_.o)
                0x0800fe54                _ctype_
 .rodata.__jp2uc
                0x0800ff58       0x20 d:/devkitpro/devkitarm/bin/../lib/gcc/arm-none-eabi/5.3.0/../../../../arm-none-eabi/lib/thumb\libg.a(lib_a-jp2uc.o)
 .rodata.a1     0x0800ff78       0xbc d:/devkitpro/devkitarm/bin/../lib/gcc/arm-none-eabi/5.3.0/../../../../arm-none-eabi/lib/thumb\libg.a(lib_a-jp2uc.o)
 .rodata.a2     0x08010034       0xbc d:/devkitpro/devkitarm/bin/../lib/gcc/arm-none-eabi/5.3.0/../../../../arm-none-eabi/lib/thumb\libg.a(lib_a-jp2uc.o)
 .rodata.a3     0x080100f0       0x5c d:/devkitpro/devkitarm/bin/../lib/gcc/arm-none-eabi/5.3.0/../../../../arm-none-eabi/lib/thumb\libg.a(lib_a-jp2uc.o)
 .rodata.a6     0x0801014c       0x70 d:/devkitpro/devkitarm/bin/../lib/gcc/arm-none-eabi/5.3.0/../../../../arm-none-eabi/lib/thumb\libg.a(lib_a-jp2uc.o)
 .rodata.a7     0x080101bc       0xa4 d:/devkitpro/devkitarm/bin/../lib/gcc/arm-none-eabi/5.3.0/../../../../arm-none-eabi/lib/thumb\libg.a(lib_a-jp2uc.o)
 .rodata.a8     0x08010260       0x40 d:/devkitpro/devkitarm/bin/../lib/gcc/arm-none-eabi/5.3.0/../../../../arm-none-eabi/lib/thumb\libg.a(lib_a-jp2uc.o)
 .rodata.str1.4
                0x080102a0       0x12 d:/devkitpro/devkitarm/bin/../lib/gcc/arm-none-eabi/5.3.0/../../../../arm-none-eabi/lib/thumb\libg.a(lib_a-jp2uc.o)
                                 0x14 (size before relaxing)
 *fill*         0x080102b2        0x2 ff
 .rodata.b02cf  0x080102b4     0x172c d:/devkitpro/devkitarm/bin/../lib/gcc/arm-none-eabi/5.3.0/../../../../arm-none-eabi/lib/thumb\libg.a(lib_a-jp2uc.o)
 .rodata.d02f4  0x080119e0     0x1a7c d:/devkitpro/devkitarm/bin/../lib/gcc/arm-none-eabi/5.3.0/../../../../arm-none-eabi/lib/thumb\libg.a(lib_a-jp2uc.o)
 .rodata.str1.4
                0x0801345c       0x12 d:/devkitpro/devkitarm/bin/../lib/gcc/arm-none-eabi/5.3.0/../../../../arm-none-eabi/lib/thumb\libg.a(lib_a-mbrtowc.o)
                                  0x4 (size before relaxing)
 .rodata.str1.4
                0x0801345c        0x8 d:/devkitpro/devkitarm/bin/../lib/gcc/arm-none-eabi/5.3.0/../../../../arm-none-eabi/lib/thumb\libsysbase.a(iosupport.o)
 *(.gnu.linkonce.r*)
                0x08013470                . = ALIGN (0x4)

.ARM.extab
 *(.ARM.extab* .gnu.linkonce.armextab.*)
                0x08013470                __exidx_start = .

.ARM.exidx
 *(.ARM.exidx* .gnu.linkonce.armexidx.*)
                0x08013470                __exidx_end = .

.ctors          0x08013464        0x0
 *crtbegin.o(.ctors)
 *(EXCLUDE_FILE(*crtend.o) .ctors)
 *(SORT(.ctors.*))
 *(.ctors)
                0x08013464                . = ALIGN (0x4)

.dtors          0x08013464        0x0
 *crtbegin.o(.dtors)
 *(EXCLUDE_FILE(*crtend.o) .dtors)
 *(SORT(.dtors.*))
 *(.dtors)
                0x08013464                . = ALIGN (0x4)

.eh_frame       0x08013464       0x48
 *(.eh_frame)
 .eh_frame      0x08013464        0x0 d:/devkitpro/devkitarm/bin/../lib/gcc/arm-none-eabi/5.3.0/thumb/crtbegin.o
 .eh_frame      0x08013464       0x44 d:/devkitpro/devkitarm/bin/../lib/gcc/arm-none-eabi/5.3.0/../../../../arm-none-eabi/lib/thumb\libg.a(lib_a-strcmp.o)
 .eh_frame      0x080134a8        0x4 d:/devkitpro/devkitarm/bin/../lib/gcc/arm-none-eabi/5.3.0/thumb/crtend.o
                0x080134ac                . = ALIGN (0x4)

.gcc_except_table
                0x080134ac        0x0
 *(.gcc_except_table)
                0x080134ac                . = ALIGN (0x4)
                0x080134ac                __iwram_lma = .

.iwram          0x03000000       0xb8 load address 0x080134ac
                0x03000000                __iwram_start__ = ABSOLUTE (.)
 *(.iwram)
 .iwram         0x03000000       0xb8 d:/devkitPro/libgba/lib\libgba.a(InterruptDispatcher.o)
                0x03000000                IntrMain
 *iwram.*(.text)
                0x030000b8                . = ALIGN (0x4)
                0x030000b8                __iwram_end__ = ABSOLUTE (.)
                0x08013564                __data_lma = (__iwram_lma + SIZEOF (.iwram))

.rel.dyn        0x030000b8        0x0 load address 0x08013564
 .rel.iplt      0x030000b8        0x0 d:/devkitpro/devkitarm/bin/../lib/gcc/arm-none-eabi/5.3.0/../../../../arm-none-eabi/lib/thumb/gba_crt0.o

.bss            0x030000b8      0x134
                0x030000b8                __bss_start = ABSOLUTE (.)
                0x030000b8                __bss_start__ = ABSOLUTE (.)
 *(.dynbss)
 *(.gnu.linkonce.b*)
 *(.bss*)
 .bss           0x030000b8       0x1c d:/devkitpro/devkitarm/bin/../lib/gcc/arm-none-eabi/5.3.0/thumb/crtbegin.o
 .bss           0x030000d4       0x1c d:/devkitPro/libgba/lib\libgba.a(console.o)
 .bss           0x030000f0        0xa d:/devkitPro/libgba/lib\libgba.a(input.o)
 *fill*         0x030000fa        0x2 
 .bss.__malloc_max_total_mem
                0x030000fc        0x4 d:/devkitpro/devkitarm/bin/../lib/gcc/arm-none-eabi/5.3.0/../../../../arm-none-eabi/lib/thumb\libg.a(lib_a-mallocr.o)
                0x030000fc                __malloc_max_total_mem
 .bss.__malloc_max_sbrked_mem
                0x03000100        0x4 d:/devkitpro/devkitarm/bin/../lib/gcc/arm-none-eabi/5.3.0/../../../../arm-none-eabi/lib/thumb\libg.a(lib_a-mallocr.o)
                0x03000100                __malloc_max_sbrked_mem
 .bss.__malloc_top_pad
                0x03000104        0x4 d:/devkitpro/devkitarm/bin/../lib/gcc/arm-none-eabi/5.3.0/../../../../arm-none-eabi/lib/thumb\libg.a(lib_a-mallocr.o)
                0x03000104                __malloc_top_pad
 .bss.__malloc_current_mallinfo
                0x03000108       0x28 d:/devkitpro/devkitarm/bin/../lib/gcc/arm-none-eabi/5.3.0/../../../../arm-none-eabi/lib/thumb\libg.a(lib_a-mallocr.o)
                0x03000108                __malloc_current_mallinfo
 .bss           0x03000130        0x4 d:/devkitpro/devkitarm/bin/../lib/gcc/arm-none-eabi/5.3.0/../../../../arm-none-eabi/lib/thumb\libsysbase.a(sbrk.o)
 .bss           0x03000134        0x8 d:/devkitpro/devkitarm/bin/../lib/gcc/arm-none-eabi/5.3.0/../../../../arm-none-eabi/lib/thumb\libsysbase.a(malloc_vars.o)
                0x03000134                fake_heap_start
                0x03000138                fake_heap_end
 .bss           0x0300013c       0x38 d:/devkitpro/devkitarm/bin/../lib/gcc/arm-none-eabi/5.3.0/../../../../arm-none-eabi/lib/thumb\libsysbase.a(syscall_support.o)
                0x0300013c                __syscalls
 *(COMMON)
 COMMON         0x03000174       0x78 d:/devkitPro/libgba/lib\libgba.a(interrupt.o)
                0x03000174                IntrTable
                0x030001ec                . = ALIGN (0x4)
                0x030001ec                __bss_end__ = ABSOLUTE (.)

.data           0x030001ec     0x1918 load address 0x08013564
                0x030001ec                __data_start__ = ABSOLUTE (.)
 *(.data)
 .data          0x030001ec        0x4 emptyexample.o
                0x030001ec                test2
                0x030001ee                test
 .data          0x030001f0        0x3 d:/devkitPro/libgba/lib\libgba.a(input.o)
 *fill*         0x030001f3        0x1 ff
 .data          0x030001f4       0x44 d:/devkitpro/devkitarm/bin/../lib/gcc/arm-none-eabi/5.3.0/../../../../arm-none-eabi/lib/thumb\libsysbase.a(iosupport.o)
                0x030001f8                devoptab_list
 .data          0x03000238     0x1028 d:/devkitpro/devkitarm/bin/../lib/gcc/arm-none-eabi/5.3.0/../../../../arm-none-eabi/lib/thumb\libsysbase.a(handle_manager.o)
 *(.data.*)
 .data.impure_data
                0x03001260      0x440 d:/devkitpro/devkitarm/bin/../lib/gcc/arm-none-eabi/5.3.0/../../../../arm-none-eabi/lib/thumb\libg.a(lib_a-impure.o)
 .data._impure_ptr
                0x030016a0        0x4 d:/devkitpro/devkitarm/bin/../lib/gcc/arm-none-eabi/5.3.0/../../../../arm-none-eabi/lib/thumb\libg.a(lib_a-impure.o)
                0x030016a0                _impure_ptr
 .data.__ctype_ptr__
                0x030016a4        0x4 d:/devkitpro/devkitarm/bin/../lib/gcc/arm-none-eabi/5.3.0/../../../../arm-none-eabi/lib/thumb\libg.a(lib_a-ctype_.o)
                0x030016a4                __ctype_ptr__
 .data.__sfp_lock
                0x030016a8        0xc d:/devkitpro/devkitarm/bin/../lib/gcc/arm-none-eabi/5.3.0/../../../../arm-none-eabi/lib/thumb\libg.a(lib_a-findfp.o)
 .data.__sinit_lock
                0x030016b4        0xc d:/devkitpro/devkitarm/bin/../lib/gcc/arm-none-eabi/5.3.0/../../../../arm-none-eabi/lib/thumb\libg.a(lib_a-findfp.o)
 .data.lc_ctype_charset
                0x030016c0       0x20 d:/devkitpro/devkitarm/bin/../lib/gcc/arm-none-eabi/5.3.0/../../../../arm-none-eabi/lib/thumb\libg.a(lib_a-locale.o)
 .data.__mb_cur_max
                0x030016e0        0x4 d:/devkitpro/devkitarm/bin/../lib/gcc/arm-none-eabi/5.3.0/../../../../arm-none-eabi/lib/thumb\libg.a(lib_a-locale.o)
                0x030016e0                __mb_cur_max
 .data.__malloc_av_
                0x030016e4      0x408 d:/devkitpro/devkitarm/bin/../lib/gcc/arm-none-eabi/5.3.0/../../../../arm-none-eabi/lib/thumb\libg.a(lib_a-mallocr.o)
                0x030016e4                __malloc_av_
 .data.__malloc_trim_threshold
                0x03001aec        0x4 d:/devkitpro/devkitarm/bin/../lib/gcc/arm-none-eabi/5.3.0/../../../../arm-none-eabi/lib/thumb\libg.a(lib_a-mallocr.o)
                0x03001aec                __malloc_trim_threshold
 .data.__malloc_sbrk_base
                0x03001af0        0x4 d:/devkitpro/devkitarm/bin/../lib/gcc/arm-none-eabi/5.3.0/../../../../arm-none-eabi/lib/thumb\libg.a(lib_a-mallocr.o)
                0x03001af0                __malloc_sbrk_base
 .data.__mbtowc
                0x03001af4        0x4 d:/devkitpro/devkitarm/bin/../lib/gcc/arm-none-eabi/5.3.0/../../../../arm-none-eabi/lib/thumb\libg.a(lib_a-mbtowc_r.o)
                0x03001af4                __mbtowc
 .data.__malloc_lock_object
                0x03001af8        0xc d:/devkitpro/devkitarm/bin/../lib/gcc/arm-none-eabi/5.3.0/../../../../arm-none-eabi/lib/thumb\libg.a(lib_a-mlock.o)
 *(.gnu.linkonce.d*)
                0x03001b04                . = ALIGN (0x4)
                0x08014e7c                __preinit_lma = (__data_lma + SIZEOF (.data))

.igot.plt       0x03001b04        0x0 load address 0x08014e7c
 .igot.plt      0x03001b04        0x0 d:/devkitpro/devkitarm/bin/../lib/gcc/arm-none-eabi/5.3.0/../../../../arm-none-eabi/lib/thumb/gba_crt0.o

.tm_clone_table
                0x03001b04        0x0 load address 0x08014e7c
 .tm_clone_table
                0x03001b04        0x0 d:/devkitpro/devkitarm/bin/../lib/gcc/arm-none-eabi/5.3.0/thumb/crtbegin.o
 .tm_clone_table
                0x03001b04        0x0 d:/devkitpro/devkitarm/bin/../lib/gcc/arm-none-eabi/5.3.0/thumb/crtend.o

.preinit_array  0x03001b04        0x0 load address 0x08014e7c
                0x03001b04                __preinit_array_start = ABSOLUTE (.)
 *(.preinit_array)
                0x03001b04                __preinit_array_end = ABSOLUTE (.)
                0x08014e7c                __init_lma = (__preinit_lma + SIZEOF (.preinit_array))

.init_array     0x03001b04        0x4 load address 0x08014e7c
                0x03001b04                __init_array_start = ABSOLUTE (.)
 *(SORT(.init_array.*))
 *(.init_array)
 .init_array    0x03001b04        0x4 d:/devkitpro/devkitarm/bin/../lib/gcc/arm-none-eabi/5.3.0/thumb/crtbegin.o
                0x03001b08                __init_array_end = ABSOLUTE (.)
                0x08014e80                __fini_lma = (__init_lma + SIZEOF (.init_array))

.fini_array     0x03001b08        0x4 load address 0x08014e80
                0x03001b08                __fini_array_start = ABSOLUTE (.)
 *(SORT(.fini_array.*))
 *(.fini_array)
 .fini_array    0x03001b08        0x4 d:/devkitpro/devkitarm/bin/../lib/gcc/arm-none-eabi/5.3.0/thumb/crtbegin.o
                0x03001b0c                __fini_array_end = ABSOLUTE (.)
                0x08014e84                __jcr_lma = (__fini_lma + SIZEOF (.fini_array))

.jcr            0x03001b0c        0x4 load address 0x08014e84
 *(.jcr)
 .jcr           0x03001b0c        0x0 d:/devkitpro/devkitarm/bin/../lib/gcc/arm-none-eabi/5.3.0/thumb/crtbegin.o
 .jcr           0x03001b0c        0x4 d:/devkitpro/devkitarm/bin/../lib/gcc/arm-none-eabi/5.3.0/thumb/crtend.o
                0x03001b10                __data_end__ = ABSOLUTE (.)
                0x08014e88                __iwram_overlay_lma = (__jcr_lma + SIZEOF (.jcr))
                0x03001b10                __iwram_overlay_start = .

.iwram0         0x03001b10        0x0 load address 0x08014e88
 *(.iwram0)
                0x03001b10                . = ALIGN (0x4)
                0x08014e88                PROVIDE (__load_start_iwram0, LOADADDR (.iwram0))
                0x08014e88                PROVIDE (__load_stop_iwram0, (LOADADDR (.iwram0) + SIZEOF (.iwram0)))

.iwram1         0x03001b10        0x0
 *(.iwram1)
                0x03001b10                . = ALIGN (0x4)
                [!provide]                PROVIDE (__load_start_iwram1, LOADADDR (.iwram1))
                [!provide]                PROVIDE (__load_stop_iwram1, (LOADADDR (.iwram1) + SIZEOF (.iwram1)))

.iwram2         0x03001b10        0x0
 *(.iwram2)
                0x03001b10                . = ALIGN (0x4)
                [!provide]                PROVIDE (__load_start_iwram2, LOADADDR (.iwram2))
                [!provide]                PROVIDE (__load_stop_iwram2, (LOADADDR (.iwram2) + SIZEOF (.iwram2)))

.iwram3         0x03001b10        0x0
 *(.iwram3)
                0x03001b10                . = ALIGN (0x4)
                [!provide]                PROVIDE (__load_start_iwram3, LOADADDR (.iwram3))
                [!provide]                PROVIDE (__load_stop_iwram3, (LOADADDR (.iwram3) + SIZEOF (.iwram3)))

.iwram4         0x03001b10        0x0
 *(.iwram4)
                0x03001b10                . = ALIGN (0x4)
                [!provide]                PROVIDE (__load_start_iwram4, LOADADDR (.iwram4))
                [!provide]                PROVIDE (__load_stop_iwram4, (LOADADDR (.iwram4) + SIZEOF (.iwram4)))

.iwram5         0x03001b10        0x0
 *(.iwram5)
                0x03001b10                . = ALIGN (0x4)
                [!provide]                PROVIDE (__load_start_iwram5, LOADADDR (.iwram5))
                [!provide]                PROVIDE (__load_stop_iwram5, (LOADADDR (.iwram5) + SIZEOF (.iwram5)))

.iwram6         0x03001b10        0x0
 *(.iwram6)
                0x03001b10                . = ALIGN (0x4)
                [!provide]                PROVIDE (__load_start_iwram6, LOADADDR (.iwram6))
                [!provide]                PROVIDE (__load_stop_iwram6, (LOADADDR (.iwram6) + SIZEOF (.iwram6)))

.iwram7         0x03001b10        0x0
 *(.iwram7)
                0x03001b10                . = ALIGN (0x4)
                [!provide]                PROVIDE (__load_start_iwram7, LOADADDR (.iwram7))
                [!provide]                PROVIDE (__load_stop_iwram7, (LOADADDR (.iwram7) + SIZEOF (.iwram7)))

.iwram8         0x03001b10        0x0
 *(.iwram8)
                0x03001b10                . = ALIGN (0x4)
                [!provide]                PROVIDE (__load_start_iwram8, LOADADDR (.iwram8))
                [!provide]                PROVIDE (__load_stop_iwram8, (LOADADDR (.iwram8) + SIZEOF (.iwram8)))

.iwram9         0x03001b10        0x0
 *(.iwram9)
                0x03001b10                . = ALIGN (0x4)
                [!provide]                PROVIDE (__load_start_iwram9, LOADADDR (.iwram9))
                [!provide]                PROVIDE (__load_stop_iwram9, (LOADADDR (.iwram9) + SIZEOF (.iwram9)))
                0x03001b10                __iwram_overlay_end = .
                0x08014e88                __ewram_lma = (__iwram_overlay_lma + (__iwram_overlay_end - __iwram_overlay_start))
                0x03001b10                __iheap_start = .
                0x02000000                __ewram_start = ORIGIN (ewram)

.ewram          0x02000000        0x0 load address 0x08014e88
 *(.ewram)
                0x02000000                . = ALIGN (0x4)
                0x02000000                __ewram_end = ABSOLUTE (.)
                0x08014e88                __pad_lma = (__ewram_lma + SIZEOF (.ewram))

.sbss           0x02000000        0x0
                0x02000000                __sbss_start__ = ABSOLUTE (.)
 *(.sbss)
                0x02000000                . = ALIGN (0x4)
                0x02000000                __sbss_end__ = ABSOLUTE (.)
                0x02000000                __end__ = ABSOLUTE (.)
                0x02000000                __eheap_start = ABSOLUTE (.)

.pad            0x02000000        0x8 load address 0x08014e88
                0x02000000        0x4 LONG 0x52416b64
                0x02000004        0x4 LONG 0x4d
                0x02000008                . = ALIGN (0x4)
                0x08014e90                __rom_end__ = (__pad_lma + SIZEOF (.pad))

.stab
 *(.stab)

.stabstr
 *(.stabstr)

.stab.excl
 *(.stab.excl)

.stab.exclstr
 *(.stab.exclstr)

.stab.index
 *(.stab.index)

.stab.indexstr
 *(.stab.indexstr)

.comment        0x00000000       0xae
 *(.comment)
 .comment       0x00000000       0x22 d:/devkitpro/devkitarm/bin/../lib/gcc/arm-none-eabi/5.3.0/thumb/crtbegin.o
                                 0x23 (size before relaxing)
 .comment       0x00000022       0x23 emptyexample.o
 .comment       0x00000022       0x23 d:/devkitPro/libgba/lib\libgba.a(console.o)
 .comment       0x00000045       0x23 d:/devkitPro/libgba/lib\libgba.a(input.o)
 .comment       0x00000068       0x23 d:/devkitPro/libgba/lib\libgba.a(interrupt.o)
 .comment       0x0000008b       0x23 d:/devkitPro/libgba/lib\libgba.a(CpuSet.o)
 .comment       0x000000ae       0x23 d:/devkitpro/devkitarm/bin/../lib/gcc/arm-none-eabi/5.3.0/../../../../arm-none-eabi/lib/thumb\libg.a(lib_a-impure.o)
 .comment       0x000000ae       0x23 d:/devkitpro/devkitarm/bin/../lib/gcc/arm-none-eabi/5.3.0/../../../../arm-none-eabi/lib/thumb\libg.a(lib_a-init.o)
 .comment       0x000000ae       0x23 d:/devkitpro/devkitarm/bin/../lib/gcc/arm-none-eabi/5.3.0/../../../../arm-none-eabi/lib/thumb\libg.a(lib_a-setvbuf.o)
 .comment       0x000000ae       0x23 d:/devkitpro/devkitarm/bin/../lib/gcc/arm-none-eabi/5.3.0/../../../../arm-none-eabi/lib/thumb\libg.a(lib_a-siscanf.o)
 .comment       0x000000ae       0x23 d:/devkitpro/devkitarm/bin/../lib/gcc/arm-none-eabi/5.3.0/../../../../arm-none-eabi/lib/thumb\libg.a(lib_a-stdio.o)
 .comment       0x000000ae       0x23 d:/devkitpro/devkitarm/bin/../lib/gcc/arm-none-eabi/5.3.0/../../../../arm-none-eabi/lib/thumb\libg.a(lib_a-strlen.o)
 .comment       0x000000ae       0x23 d:/devkitpro/devkitarm/bin/../lib/gcc/arm-none-eabi/5.3.0/../../../../arm-none-eabi/lib/thumb\libg.a(lib_a-svfiscanf.o)
 .comment       0x000000ae       0x23 d:/devkitpro/devkitarm/bin/../lib/gcc/arm-none-eabi/5.3.0/../../../../arm-none-eabi/lib/thumb\libg.a(lib_a-ungetc.o)
 .comment       0x000000ae       0x23 d:/devkitpro/devkitarm/bin/../lib/gcc/arm-none-eabi/5.3.0/../../../../arm-none-eabi/lib/thumb\libg.a(lib_a-ctype_.o)
 .comment       0x000000ae       0x23 d:/devkitpro/devkitarm/bin/../lib/gcc/arm-none-eabi/5.3.0/../../../../arm-none-eabi/lib/thumb\libg.a(lib_a-fflush.o)
 .comment       0x000000ae       0x23 d:/devkitpro/devkitarm/bin/../lib/gcc/arm-none-eabi/5.3.0/../../../../arm-none-eabi/lib/thumb\libg.a(lib_a-findfp.o)
 .comment       0x000000ae       0x23 d:/devkitpro/devkitarm/bin/../lib/gcc/arm-none-eabi/5.3.0/../../../../arm-none-eabi/lib/thumb\libg.a(lib_a-freer.o)
 .comment       0x000000ae       0x23 d:/devkitpro/devkitarm/bin/../lib/gcc/arm-none-eabi/5.3.0/../../../../arm-none-eabi/lib/thumb\libg.a(lib_a-fwalk.o)
 .comment       0x000000ae       0x23 d:/devkitpro/devkitarm/bin/../lib/gcc/arm-none-eabi/5.3.0/../../../../arm-none-eabi/lib/thumb\libg.a(lib_a-iswspace.o)
 .comment       0x000000ae       0x23 d:/devkitpro/devkitarm/bin/../lib/gcc/arm-none-eabi/5.3.0/../../../../arm-none-eabi/lib/thumb\libg.a(lib_a-jp2uc.o)
 .comment       0x000000ae       0x23 d:/devkitpro/devkitarm/bin/../lib/gcc/arm-none-eabi/5.3.0/../../../../arm-none-eabi/lib/thumb\libg.a(lib_a-locale.o)
 .comment       0x000000ae       0x23 d:/devkitpro/devkitarm/bin/../lib/gcc/arm-none-eabi/5.3.0/../../../../arm-none-eabi/lib/thumb\libg.a(lib_a-malloc.o)
 .comment       0x000000ae       0x23 d:/devkitpro/devkitarm/bin/../lib/gcc/arm-none-eabi/5.3.0/../../../../arm-none-eabi/lib/thumb\libg.a(lib_a-mallocr.o)
 .comment       0x000000ae       0x23 d:/devkitpro/devkitarm/bin/../lib/gcc/arm-none-eabi/5.3.0/../../../../arm-none-eabi/lib/thumb\libg.a(lib_a-mbrtowc.o)
 .comment       0x000000ae       0x23 d:/devkitpro/devkitarm/bin/../lib/gcc/arm-none-eabi/5.3.0/../../../../arm-none-eabi/lib/thumb\libg.a(lib_a-mbtowc_r.o)
 .comment       0x000000ae       0x23 d:/devkitpro/devkitarm/bin/../lib/gcc/arm-none-eabi/5.3.0/../../../../arm-none-eabi/lib/thumb\libg.a(lib_a-memcpy.o)
 .comment       0x000000ae       0x23 d:/devkitpro/devkitarm/bin/../lib/gcc/arm-none-eabi/5.3.0/../../../../arm-none-eabi/lib/thumb\libg.a(lib_a-memset.o)
 .comment       0x000000ae       0x23 d:/devkitpro/devkitarm/bin/../lib/gcc/arm-none-eabi/5.3.0/../../../../arm-none-eabi/lib/thumb\libg.a(lib_a-mlock.o)
 .comment       0x000000ae       0x23 d:/devkitpro/devkitarm/bin/../lib/gcc/arm-none-eabi/5.3.0/../../../../arm-none-eabi/lib/thumb\libg.a(lib_a-reallocr.o)
 .comment       0x000000ae       0x23 d:/devkitpro/devkitarm/bin/../lib/gcc/arm-none-eabi/5.3.0/../../../../arm-none-eabi/lib/thumb\libg.a(lib_a-sccl.o)
 .comment       0x000000ae       0x23 d:/devkitpro/devkitarm/bin/../lib/gcc/arm-none-eabi/5.3.0/../../../../arm-none-eabi/lib/thumb\libg.a(lib_a-strcasecmp.o)
 .comment       0x000000ae       0x23 d:/devkitpro/devkitarm/bin/../lib/gcc/arm-none-eabi/5.3.0/../../../../arm-none-eabi/lib/thumb\libg.a(lib_a-strcat.o)
 .comment       0x000000ae       0x23 d:/devkitpro/devkitarm/bin/../lib/gcc/arm-none-eabi/5.3.0/../../../../arm-none-eabi/lib/thumb\libg.a(lib_a-strchr.o)
 .comment       0x000000ae       0x23 d:/devkitpro/devkitarm/bin/../lib/gcc/arm-none-eabi/5.3.0/../../../../arm-none-eabi/lib/thumb\libg.a(lib_a-strcpy.o)
 .comment       0x000000ae       0x23 d:/devkitpro/devkitarm/bin/../lib/gcc/arm-none-eabi/5.3.0/../../../../arm-none-eabi/lib/thumb\libg.a(lib_a-strlcpy.o)
 .comment       0x000000ae       0x23 d:/devkitpro/devkitarm/bin/../lib/gcc/arm-none-eabi/5.3.0/../../../../arm-none-eabi/lib/thumb\libg.a(lib_a-strncasecmp.o)
 .comment       0x000000ae       0x23 d:/devkitpro/devkitarm/bin/../lib/gcc/arm-none-eabi/5.3.0/../../../../arm-none-eabi/lib/thumb\libg.a(lib_a-strncmp.o)
 .comment       0x000000ae       0x23 d:/devkitpro/devkitarm/bin/../lib/gcc/arm-none-eabi/5.3.0/../../../../arm-none-eabi/lib/thumb\libg.a(lib_a-strncpy.o)
 .comment       0x000000ae       0x23 d:/devkitpro/devkitarm/bin/../lib/gcc/arm-none-eabi/5.3.0/../../../../arm-none-eabi/lib/thumb\libg.a(lib_a-strtoll_r.o)
 .comment       0x000000ae       0x23 d:/devkitpro/devkitarm/bin/../lib/gcc/arm-none-eabi/5.3.0/../../../../arm-none-eabi/lib/thumb\libg.a(lib_a-strtol.o)
 .comment       0x000000ae       0x23 d:/devkitpro/devkitarm/bin/../lib/gcc/arm-none-eabi/5.3.0/../../../../arm-none-eabi/lib/thumb\libg.a(lib_a-strtoull_r.o)
 .comment       0x000000ae       0x23 d:/devkitpro/devkitarm/bin/../lib/gcc/arm-none-eabi/5.3.0/../../../../arm-none-eabi/lib/thumb\libg.a(lib_a-strtoul.o)
 .comment       0x000000ae       0x23 d:/devkitpro/devkitarm/bin/../lib/gcc/arm-none-eabi/5.3.0/../../../../arm-none-eabi/lib/thumb\libg.a(lib_a-wctomb_r.o)
 .comment       0x000000ae       0x23 d:/devkitpro/devkitarm/bin/../lib/gcc/arm-none-eabi/5.3.0/../../../../arm-none-eabi/lib/thumb\libg.a(lib_a-fclose.o)
 .comment       0x000000ae       0x23 d:/devkitpro/devkitarm/bin/../lib/gcc/arm-none-eabi/5.3.0/../../../../arm-none-eabi/lib/thumb\libg.a(lib_a-getenv_r.o)
 .comment       0x000000ae       0x23 d:/devkitpro/devkitarm/bin/../lib/gcc/arm-none-eabi/5.3.0/../../../../arm-none-eabi/lib/thumb\libg.a(lib_a-memmove.o)
 .comment       0x000000ae       0x23 d:/devkitpro/devkitarm/bin/../lib/gcc/arm-none-eabi/5.3.0/../../../../arm-none-eabi/lib/thumb\libg.a(lib_a-environ.o)
 .comment       0x000000ae       0x23 d:/devkitpro/devkitarm/bin/../lib/gcc/arm-none-eabi/5.3.0/../../../../arm-none-eabi/lib/thumb\libg.a(lib_a-envlock.o)
 .comment       0x000000ae       0x23 d:/devkitpro/devkitarm/bin/../lib/gcc/arm-none-eabi/5.3.0/../../../../arm-none-eabi/lib/thumb\libsysbase.a(iosupport.o)
 .comment       0x000000ae       0x23 d:/devkitpro/devkitarm/bin/../lib/gcc/arm-none-eabi/5.3.0/../../../../arm-none-eabi/lib/thumb\libsysbase.a(close.o)
 .comment       0x000000ae       0x23 d:/devkitpro/devkitarm/bin/../lib/gcc/arm-none-eabi/5.3.0/../../../../arm-none-eabi/lib/thumb\libsysbase.a(lseek.o)
 .comment       0x000000ae       0x23 d:/devkitpro/devkitarm/bin/../lib/gcc/arm-none-eabi/5.3.0/../../../../arm-none-eabi/lib/thumb\libsysbase.a(read.o)
 .comment       0x000000ae       0x23 d:/devkitpro/devkitarm/bin/../lib/gcc/arm-none-eabi/5.3.0/../../../../arm-none-eabi/lib/thumb\libsysbase.a(sbrk.o)
 .comment       0x000000ae       0x23 d:/devkitpro/devkitarm/bin/../lib/gcc/arm-none-eabi/5.3.0/../../../../arm-none-eabi/lib/thumb\libsysbase.a(write.o)
 .comment       0x000000ae       0x23 d:/devkitpro/devkitarm/bin/../lib/gcc/arm-none-eabi/5.3.0/../../../../arm-none-eabi/lib/thumb\libsysbase.a(malloc_vars.o)
 .comment       0x000000ae       0x23 d:/devkitpro/devkitarm/bin/../lib/gcc/arm-none-eabi/5.3.0/../../../../arm-none-eabi/lib/thumb\libsysbase.a(flock.o)
 .comment       0x000000ae       0x23 d:/devkitpro/devkitarm/bin/../lib/gcc/arm-none-eabi/5.3.0/../../../../arm-none-eabi/lib/thumb\libsysbase.a(syscall_support.o)
 .comment       0x000000ae       0x23 d:/devkitpro/devkitarm/bin/../lib/gcc/arm-none-eabi/5.3.0/../../../../arm-none-eabi/lib/thumb\libsysbase.a(handle_manager.o)
 .comment       0x000000ae       0x23 d:/devkitpro/devkitarm/bin/../lib/gcc/arm-none-eabi/5.3.0/../../../../arm-none-eabi/lib/thumb\libsysbase.a(getreent.o)
 .comment       0x000000ae       0x23 d:/devkitpro/devkitarm/bin/../lib/gcc/arm-none-eabi/5.3.0/thumb\libgcc.a(_muldi3.o)
 .comment       0x000000ae       0x23 d:/devkitpro/devkitarm/bin/../lib/gcc/arm-none-eabi/5.3.0/thumb\libgcc.a(_udivmoddi4.o)
 .comment       0x000000ae       0x23 d:/devkitpro/devkitarm/bin/../lib/gcc/arm-none-eabi/5.3.0/../../../../arm-none-eabi/lib/thumb\libg.a(lib_a-errno.o)
 .comment       0x000000ae       0x23 d:/devkitpro/devkitarm/bin/../lib/gcc/arm-none-eabi/5.3.0/thumb/crtend.o

.debug
 *(.debug)

.line
 *(.line)

.debug_srcinfo
 *(.debug_srcinfo)

.debug_sfnames
 *(.debug_sfnames)

.debug_aranges  0x00000000       0xc8
 *(.debug_aranges)
 .debug_aranges
                0x00000000       0x28 emptyexample.o
 .debug_aranges
                0x00000028       0x20 d:/devkitPro/libgba/lib\libgba.a(console.o)
 .debug_aranges
                0x00000048       0x20 d:/devkitPro/libgba/lib\libgba.a(input.o)
 .debug_aranges
                0x00000068       0x20 d:/devkitPro/libgba/lib\libgba.a(interrupt.o)
 .debug_aranges
                0x00000088       0x20 d:/devkitPro/libgba/lib\libgba.a(InterruptDispatcher.o)
 .debug_aranges
                0x000000a8       0x20 d:/devkitPro/libgba/lib\libgba.a(CpuSet.o)

.debug_pubnames
                0x00000000      0x1fc
 *(.debug_pubnames)
 .debug_pubnames
                0x00000000       0xc1 d:/devkitPro/libgba/lib\libgba.a(console.o)
 .debug_pubnames
                0x000000c1       0x65 d:/devkitPro/libgba/lib\libgba.a(input.o)
 .debug_pubnames
                0x00000126       0xaa d:/devkitPro/libgba/lib\libgba.a(interrupt.o)
 .debug_pubnames
                0x000001d0       0x2c d:/devkitPro/libgba/lib\libgba.a(CpuSet.o)

.debug_info     0x00000000     0x255d
 *(.debug_info)
 .debug_info    0x00000000      0x675 emptyexample.o
 .debug_info    0x00000675     0x17e2 d:/devkitPro/libgba/lib\libgba.a(console.o)
 .debug_info    0x00001e57      0x200 d:/devkitPro/libgba/lib\libgba.a(input.o)
 .debug_info    0x00002057      0x38c d:/devkitPro/libgba/lib\libgba.a(interrupt.o)
 .debug_info    0x000023e3       0x94 d:/devkitPro/libgba/lib\libgba.a(InterruptDispatcher.o)
 .debug_info    0x00002477       0xe6 d:/devkitPro/libgba/lib\libgba.a(CpuSet.o)

.debug_abbrev   0x00000000      0x9f3
 *(.debug_abbrev)
 .debug_abbrev  0x00000000      0x280 emptyexample.o
 .debug_abbrev  0x00000280      0x3f5 d:/devkitPro/libgba/lib\libgba.a(console.o)
 .debug_abbrev  0x00000675      0x107 d:/devkitPro/libgba/lib\libgba.a(input.o)
 .debug_abbrev  0x0000077c      0x1de d:/devkitPro/libgba/lib\libgba.a(interrupt.o)
 .debug_abbrev  0x0000095a       0x14 d:/devkitPro/libgba/lib\libgba.a(InterruptDispatcher.o)
 .debug_abbrev  0x0000096e       0x85 d:/devkitPro/libgba/lib\libgba.a(CpuSet.o)

.debug_line     0x00000000      0x9c1
 *(.debug_line)
 .debug_line    0x00000000      0x20b emptyexample.o
 .debug_line    0x0000020b      0x43e d:/devkitPro/libgba/lib\libgba.a(console.o)
 .debug_line    0x00000649       0xd1 d:/devkitPro/libgba/lib\libgba.a(input.o)
 .debug_line    0x0000071a      0x165 d:/devkitPro/libgba/lib\libgba.a(interrupt.o)
 .debug_line    0x0000087f       0x9c d:/devkitPro/libgba/lib\libgba.a(InterruptDispatcher.o)
 .debug_line    0x0000091b       0xa6 d:/devkitPro/libgba/lib\libgba.a(CpuSet.o)

.debug_frame    0x00000000      0x328
 *(.debug_frame)
 .debug_frame   0x00000000       0x88 emptyexample.o
 .debug_frame   0x00000088      0x118 d:/devkitPro/libgba/lib\libgba.a(console.o)
 .debug_frame   0x000001a0       0x80 d:/devkitPro/libgba/lib\libgba.a(input.o)
 .debug_frame   0x00000220       0xd8 d:/devkitPro/libgba/lib\libgba.a(interrupt.o)
 .debug_frame   0x000002f8       0x30 d:/devkitPro/libgba/lib\libgba.a(CpuSet.o)

.debug_str      0x00000000      0xe75
 *(.debug_str)
 .debug_str     0x00000000      0x4bf emptyexample.o
                                0x4fe (size before relaxing)
 .debug_str     0x000004bf      0x7c6 d:/devkitPro/libgba/lib\libgba.a(console.o)
                                0xa54 (size before relaxing)
 .debug_str     0x00000c85       0x92 d:/devkitPro/libgba/lib\libgba.a(input.o)
                                0x11d (size before relaxing)
 .debug_str     0x00000d17      0x10c d:/devkitPro/libgba/lib\libgba.a(interrupt.o)
                                0x210 (size before relaxing)
 .debug_str     0x00000e23       0x52 d:/devkitPro/libgba/lib\libgba.a(CpuSet.o)
                                 0xa7 (size before relaxing)

.debug_loc      0x00000000      0xb6f
 *(.debug_loc)
 .debug_loc     0x00000000      0x1d9 emptyexample.o
 .debug_loc     0x000001d9      0x707 d:/devkitPro/libgba/lib\libgba.a(console.o)
 .debug_loc     0x000008e0       0x89 d:/devkitPro/libgba/lib\libgba.a(input.o)
 .debug_loc     0x00000969      0x194 d:/devkitPro/libgba/lib\libgba.a(interrupt.o)
 .debug_loc     0x00000afd       0x72 d:/devkitPro/libgba/lib\libgba.a(CpuSet.o)

.debug_macinfo
 *(.debug_macinfo)

.debug_weaknames
 *(.debug_weaknames)

.debug_funcnames
 *(.debug_funcnames)

.debug_typenames
 *(.debug_typenames)

.debug_varnames
 *(.debug_varnames)

.stack          0x00080000        0x0
                0x00080000                _stack = .
 *(.stack)

.note.gnu.arm.ident
 *(.note.gnu.arm.ident)

.ARM.attributes
                0x00000000       0x2b
 *(.ARM.attributes)
 .ARM.attributes
                0x00000000       0x16 d:/devkitpro/devkitarm/bin/../lib/gcc/arm-none-eabi/5.3.0/../../../../arm-none-eabi/lib/thumb/gba_crt0.o
 .ARM.attributes
                0x00000016       0x16 d:/devkitpro/devkitarm/bin/../lib/gcc/arm-none-eabi/5.3.0/thumb/crti.o
 .ARM.attributes
                0x0000002c       0x30 d:/devkitpro/devkitarm/bin/../lib/gcc/arm-none-eabi/5.3.0/thumb/crtbegin.o
 .ARM.attributes
                0x0000005c       0x2c emptyexample.o
 .ARM.attributes
                0x00000088       0x2e d:/devkitPro/libgba/lib\libgba.a(console.o)
 .ARM.attributes
                0x000000b6       0x2e d:/devkitPro/libgba/lib\libgba.a(input.o)
 .ARM.attributes
                0x000000e4       0x2e d:/devkitPro/libgba/lib\libgba.a(interrupt.o)
 .ARM.attributes
                0x00000112       0x1e d:/devkitPro/libgba/lib\libgba.a(InterruptDispatcher.o)
 .ARM.attributes
                0x00000130       0x10 d:/devkitPro/libgba/lib\libgba.a(amiga.fnt.o)
 .ARM.attributes
                0x00000140       0x2e d:/devkitPro/libgba/lib\libgba.a(CpuSet.o)
 .ARM.attributes
                0x0000016e       0x30 d:/devkitpro/devkitarm/bin/../lib/gcc/arm-none-eabi/5.3.0/../../../../arm-none-eabi/lib/thumb\libg.a(lib_a-impure.o)
 .ARM.attributes
                0x0000019e       0x30 d:/devkitpro/devkitarm/bin/../lib/gcc/arm-none-eabi/5.3.0/../../../../arm-none-eabi/lib/thumb\libg.a(lib_a-init.o)
 .ARM.attributes
                0x000001ce       0x30 d:/devkitpro/devkitarm/bin/../lib/gcc/arm-none-eabi/5.3.0/../../../../arm-none-eabi/lib/thumb\libg.a(lib_a-setvbuf.o)
 .ARM.attributes
                0x000001fe       0x30 d:/devkitpro/devkitarm/bin/../lib/gcc/arm-none-eabi/5.3.0/../../../../arm-none-eabi/lib/thumb\libg.a(lib_a-siscanf.o)
 .ARM.attributes
                0x0000022e       0x30 d:/devkitpro/devkitarm/bin/../lib/gcc/arm-none-eabi/5.3.0/../../../../arm-none-eabi/lib/thumb\libg.a(lib_a-stdio.o)
 .ARM.attributes
                0x0000025e       0x30 d:/devkitpro/devkitarm/bin/../lib/gcc/arm-none-eabi/5.3.0/../../../../arm-none-eabi/lib/thumb\libg.a(lib_a-strlen.o)
 .ARM.attributes
                0x0000028e       0x30 d:/devkitpro/devkitarm/bin/../lib/gcc/arm-none-eabi/5.3.0/../../../../arm-none-eabi/lib/thumb\libg.a(lib_a-svfiscanf.o)
 .ARM.attributes
                0x000002be       0x30 d:/devkitpro/devkitarm/bin/../lib/gcc/arm-none-eabi/5.3.0/../../../../arm-none-eabi/lib/thumb\libg.a(lib_a-ungetc.o)
 .ARM.attributes
                0x000002ee       0x30 d:/devkitpro/devkitarm/bin/../lib/gcc/arm-none-eabi/5.3.0/../../../../arm-none-eabi/lib/thumb\libg.a(lib_a-ctype_.o)
 .ARM.attributes
                0x0000031e       0x30 d:/devkitpro/devkitarm/bin/../lib/gcc/arm-none-eabi/5.3.0/../../../../arm-none-eabi/lib/thumb\libg.a(lib_a-fflush.o)
 .ARM.attributes
                0x0000034e       0x30 d:/devkitpro/devkitarm/bin/../lib/gcc/arm-none-eabi/5.3.0/../../../../arm-none-eabi/lib/thumb\libg.a(lib_a-findfp.o)
 .ARM.attributes
                0x0000037e       0x30 d:/devkitpro/devkitarm/bin/../lib/gcc/arm-none-eabi/5.3.0/../../../../arm-none-eabi/lib/thumb\libg.a(lib_a-freer.o)
 .ARM.attributes
                0x000003ae       0x30 d:/devkitpro/devkitarm/bin/../lib/gcc/arm-none-eabi/5.3.0/../../../../arm-none-eabi/lib/thumb\libg.a(lib_a-fwalk.o)
 .ARM.attributes
                0x000003de       0x30 d:/devkitpro/devkitarm/bin/../lib/gcc/arm-none-eabi/5.3.0/../../../../arm-none-eabi/lib/thumb\libg.a(lib_a-iswspace.o)
 .ARM.attributes
                0x0000040e       0x30 d:/devkitpro/devkitarm/bin/../lib/gcc/arm-none-eabi/5.3.0/../../../../arm-none-eabi/lib/thumb\libg.a(lib_a-jp2uc.o)
 .ARM.attributes
                0x0000043e       0x30 d:/devkitpro/devkitarm/bin/../lib/gcc/arm-none-eabi/5.3.0/../../../../arm-none-eabi/lib/thumb\libg.a(lib_a-locale.o)
 .ARM.attributes
                0x0000046e       0x30 d:/devkitpro/devkitarm/bin/../lib/gcc/arm-none-eabi/5.3.0/../../../../arm-none-eabi/lib/thumb\libg.a(lib_a-malloc.o)
 .ARM.attributes
                0x0000049e       0x30 d:/devkitpro/devkitarm/bin/../lib/gcc/arm-none-eabi/5.3.0/../../../../arm-none-eabi/lib/thumb\libg.a(lib_a-mallocr.o)
 .ARM.attributes
                0x000004ce       0x30 d:/devkitpro/devkitarm/bin/../lib/gcc/arm-none-eabi/5.3.0/../../../../arm-none-eabi/lib/thumb\libg.a(lib_a-mbrtowc.o)
 .ARM.attributes
                0x000004fe       0x30 d:/devkitpro/devkitarm/bin/../lib/gcc/arm-none-eabi/5.3.0/../../../../arm-none-eabi/lib/thumb\libg.a(lib_a-mbtowc_r.o)
 .ARM.attributes
                0x0000052e       0x30 d:/devkitpro/devkitarm/bin/../lib/gcc/arm-none-eabi/5.3.0/../../../../arm-none-eabi/lib/thumb\libg.a(lib_a-memcpy.o)
 .ARM.attributes
                0x0000055e       0x30 d:/devkitpro/devkitarm/bin/../lib/gcc/arm-none-eabi/5.3.0/../../../../arm-none-eabi/lib/thumb\libg.a(lib_a-memset.o)
 .ARM.attributes
                0x0000058e       0x30 d:/devkitpro/devkitarm/bin/../lib/gcc/arm-none-eabi/5.3.0/../../../../arm-none-eabi/lib/thumb\libg.a(lib_a-mlock.o)
 .ARM.attributes
                0x000005be       0x30 d:/devkitpro/devkitarm/bin/../lib/gcc/arm-none-eabi/5.3.0/../../../../arm-none-eabi/lib/thumb\libg.a(lib_a-reallocr.o)
 .ARM.attributes
                0x000005ee       0x30 d:/devkitpro/devkitarm/bin/../lib/gcc/arm-none-eabi/5.3.0/../../../../arm-none-eabi/lib/thumb\libg.a(lib_a-sccl.o)
 .ARM.attributes
                0x0000061e       0x30 d:/devkitpro/devkitarm/bin/../lib/gcc/arm-none-eabi/5.3.0/../../../../arm-none-eabi/lib/thumb\libg.a(lib_a-strcasecmp.o)
 .ARM.attributes
                0x0000064e       0x30 d:/devkitpro/devkitarm/bin/../lib/gcc/arm-none-eabi/5.3.0/../../../../arm-none-eabi/lib/thumb\libg.a(lib_a-strcat.o)
 .ARM.attributes
                0x0000067e       0x30 d:/devkitpro/devkitarm/bin/../lib/gcc/arm-none-eabi/5.3.0/../../../../arm-none-eabi/lib/thumb\libg.a(lib_a-strchr.o)
 .ARM.attributes
                0x000006ae       0x16 d:/devkitpro/devkitarm/bin/../lib/gcc/arm-none-eabi/5.3.0/../../../../arm-none-eabi/lib/thumb\libg.a(lib_a-strcmp.o)
 .ARM.attributes
                0x000006c4       0x30 d:/devkitpro/devkitarm/bin/../lib/gcc/arm-none-eabi/5.3.0/../../../../arm-none-eabi/lib/thumb\libg.a(lib_a-strcpy.o)
 .ARM.attributes
                0x000006f4       0x30 d:/devkitpro/devkitarm/bin/../lib/gcc/arm-none-eabi/5.3.0/../../../../arm-none-eabi/lib/thumb\libg.a(lib_a-strlcpy.o)
 .ARM.attributes
                0x00000724       0x30 d:/devkitpro/devkitarm/bin/../lib/gcc/arm-none-eabi/5.3.0/../../../../arm-none-eabi/lib/thumb\libg.a(lib_a-strncasecmp.o)
 .ARM.attributes
                0x00000754       0x30 d:/devkitpro/devkitarm/bin/../lib/gcc/arm-none-eabi/5.3.0/../../../../arm-none-eabi/lib/thumb\libg.a(lib_a-strncmp.o)
 .ARM.attributes
                0x00000784       0x30 d:/devkitpro/devkitarm/bin/../lib/gcc/arm-none-eabi/5.3.0/../../../../arm-none-eabi/lib/thumb\libg.a(lib_a-strncpy.o)
 .ARM.attributes
                0x000007b4       0x30 d:/devkitpro/devkitarm/bin/../lib/gcc/arm-none-eabi/5.3.0/../../../../arm-none-eabi/lib/thumb\libg.a(lib_a-strtoll_r.o)
 .ARM.attributes
                0x000007e4       0x30 d:/devkitpro/devkitarm/bin/../lib/gcc/arm-none-eabi/5.3.0/../../../../arm-none-eabi/lib/thumb\libg.a(lib_a-strtol.o)
 .ARM.attributes
                0x00000814       0x30 d:/devkitpro/devkitarm/bin/../lib/gcc/arm-none-eabi/5.3.0/../../../../arm-none-eabi/lib/thumb\libg.a(lib_a-strtoull_r.o)
 .ARM.attributes
                0x00000844       0x30 d:/devkitpro/devkitarm/bin/../lib/gcc/arm-none-eabi/5.3.0/../../../../arm-none-eabi/lib/thumb\libg.a(lib_a-strtoul.o)
 .ARM.attributes
                0x00000874       0x30 d:/devkitpro/devkitarm/bin/../lib/gcc/arm-none-eabi/5.3.0/../../../../arm-none-eabi/lib/thumb\libg.a(lib_a-wctomb_r.o)
 .ARM.attributes
                0x000008a4       0x30 d:/devkitpro/devkitarm/bin/../lib/gcc/arm-none-eabi/5.3.0/../../../../arm-none-eabi/lib/thumb\libg.a(lib_a-fclose.o)
 .ARM.attributes
                0x000008d4       0x30 d:/devkitpro/devkitarm/bin/../lib/gcc/arm-none-eabi/5.3.0/../../../../arm-none-eabi/lib/thumb\libg.a(lib_a-getenv_r.o)
 .ARM.attributes
                0x00000904       0x30 d:/devkitpro/devkitarm/bin/../lib/gcc/arm-none-eabi/5.3.0/../../../../arm-none-eabi/lib/thumb\libg.a(lib_a-memmove.o)
 .ARM.attributes
                0x00000934       0x30 d:/devkitpro/devkitarm/bin/../lib/gcc/arm-none-eabi/5.3.0/../../../../arm-none-eabi/lib/thumb\libg.a(lib_a-environ.o)
 .ARM.attributes
                0x00000964       0x30 d:/devkitpro/devkitarm/bin/../lib/gcc/arm-none-eabi/5.3.0/../../../../arm-none-eabi/lib/thumb\libg.a(lib_a-envlock.o)
 .ARM.attributes
                0x00000994       0x30 d:/devkitpro/devkitarm/bin/../lib/gcc/arm-none-eabi/5.3.0/../../../../arm-none-eabi/lib/thumb\libsysbase.a(iosupport.o)
 .ARM.attributes
                0x000009c4       0x30 d:/devkitpro/devkitarm/bin/../lib/gcc/arm-none-eabi/5.3.0/../../../../arm-none-eabi/lib/thumb\libsysbase.a(close.o)
 .ARM.attributes
                0x000009f4       0x30 d:/devkitpro/devkitarm/bin/../lib/gcc/arm-none-eabi/5.3.0/../../../../arm-none-eabi/lib/thumb\libsysbase.a(lseek.o)
 .ARM.attributes
                0x00000a24       0x30 d:/devkitpro/devkitarm/bin/../lib/gcc/arm-none-eabi/5.3.0/../../../../arm-none-eabi/lib/thumb\libsysbase.a(read.o)
 .ARM.attributes
                0x00000a54       0x30 d:/devkitpro/devkitarm/bin/../lib/gcc/arm-none-eabi/5.3.0/../../../../arm-none-eabi/lib/thumb\libsysbase.a(sbrk.o)
 .ARM.attributes
                0x00000a84       0x30 d:/devkitpro/devkitarm/bin/../lib/gcc/arm-none-eabi/5.3.0/../../../../arm-none-eabi/lib/thumb\libsysbase.a(write.o)
 .ARM.attributes
                0x00000ab4       0x30 d:/devkitpro/devkitarm/bin/../lib/gcc/arm-none-eabi/5.3.0/../../../../arm-none-eabi/lib/thumb\libsysbase.a(malloc_vars.o)
 .ARM.attributes
                0x00000ae4       0x30 d:/devkitpro/devkitarm/bin/../lib/gcc/arm-none-eabi/5.3.0/../../../../arm-none-eabi/lib/thumb\libsysbase.a(flock.o)
 .ARM.attributes
                0x00000b14       0x30 d:/devkitpro/devkitarm/bin/../lib/gcc/arm-none-eabi/5.3.0/../../../../arm-none-eabi/lib/thumb\libsysbase.a(syscall_support.o)
 .ARM.attributes
                0x00000b44       0x30 d:/devkitpro/devkitarm/bin/../lib/gcc/arm-none-eabi/5.3.0/../../../../arm-none-eabi/lib/thumb\libsysbase.a(handle_manager.o)
 .ARM.attributes
                0x00000b74       0x30 d:/devkitpro/devkitarm/bin/../lib/gcc/arm-none-eabi/5.3.0/../../../../arm-none-eabi/lib/thumb\libsysbase.a(getreent.o)
 .ARM.attributes
                0x00000ba4       0x18 d:/devkitpro/devkitarm/bin/../lib/gcc/arm-none-eabi/5.3.0/thumb\libgcc.a(_udivsi3.o)
 .ARM.attributes
                0x00000bbc       0x16 d:/devkitpro/devkitarm/bin/../lib/gcc/arm-none-eabi/5.3.0/thumb\libgcc.a(_dvmd_tls.o)
 .ARM.attributes
                0x00000bd2       0x18 d:/devkitpro/devkitarm/bin/../lib/gcc/arm-none-eabi/5.3.0/thumb\libgcc.a(_aeabi_uldivmod.o)
 .ARM.attributes
                0x00000bea       0x30 d:/devkitpro/devkitarm/bin/../lib/gcc/arm-none-eabi/5.3.0/thumb\libgcc.a(_muldi3.o)
 .ARM.attributes
                0x00000c1a       0x30 d:/devkitpro/devkitarm/bin/../lib/gcc/arm-none-eabi/5.3.0/thumb\libgcc.a(_udivmoddi4.o)
 .ARM.attributes
                0x00000c4a       0x18 d:/devkitpro/devkitarm/bin/../lib/gcc/arm-none-eabi/5.3.0/thumb\libgcc.a(_clzdi2.o)
 .ARM.attributes
                0x00000c62       0x18 d:/devkitpro/devkitarm/bin/../lib/gcc/arm-none-eabi/5.3.0/thumb\libgcc.a(_clzsi2.o)
 .ARM.attributes
                0x00000c7a       0x30 d:/devkitpro/devkitarm/bin/../lib/gcc/arm-none-eabi/5.3.0/../../../../arm-none-eabi/lib/thumb\libg.a(lib_a-errno.o)
 .ARM.attributes
                0x00000caa       0x30 d:/devkitpro/devkitarm/bin/../lib/gcc/arm-none-eabi/5.3.0/thumb/crtend.o
 .ARM.attributes
                0x00000cda       0x16 d:/devkitpro/devkitarm/bin/../lib/gcc/arm-none-eabi/5.3.0/thumb/crtn.o

/DISCARD/
 *(.note.GNU-stack)
LOAD d:/devkitpro/devkitarm/bin/../lib/gcc/arm-none-eabi/5.3.0/../../../../arm-none-eabi/lib/thumb/gba_crt0.o
LOAD d:/devkitpro/devkitarm/bin/../lib/gcc/arm-none-eabi/5.3.0/thumb/crti.o
LOAD d:/devkitpro/devkitarm/bin/../lib/gcc/arm-none-eabi/5.3.0/thumb/crtbegin.o
LOAD emptyexample.o
LOAD d:/devkitPro/libgba/lib\libgba.a
START GROUP
LOAD d:/devkitpro/devkitarm/bin/../lib/gcc/arm-none-eabi/5.3.0/thumb\libgcc.a
LOAD d:/devkitpro/devkitarm/bin/../lib/gcc/arm-none-eabi/5.3.0/../../../../arm-none-eabi/lib/thumb\libg.a
LOAD d:/devkitpro/devkitarm/bin/../lib/gcc/arm-none-eabi/5.3.0/../../../../arm-none-eabi/lib/thumb\libc.a
LOAD d:/devkitpro/devkitarm/bin/../lib/gcc/arm-none-eabi/5.3.0/../../../../arm-none-eabi/lib/thumb\libsysbase.a
END GROUP
LOAD d:/devkitpro/devkitarm/bin/../lib/gcc/arm-none-eabi/5.3.0/thumb/crtend.o
LOAD d:/devkitpro/devkitarm/bin/../lib/gcc/arm-none-eabi/5.3.0/thumb/crtn.o
OUTPUT(d:/gba/gba-coursework/ex/ex.elf elf32-littlearm)

.debug_ranges   0x00000000      0x120
 .debug_ranges  0x00000000       0x60 emptyexample.o
 .debug_ranges  0x00000060       0x60 d:/devkitPro/libgba/lib\libgba.a(console.o)
 .debug_ranges  0x000000c0       0x60 d:/devkitPro/libgba/lib\libgba.a(interrupt.o)
